#
# There is insufficient memory for the Java Runtime Environment to continue.
# Native memory allocation (malloc) failed to allocate 524288 bytes. Error detail: AllocateHeap
# Possible reasons:
#   The system is out of physical RAM or swap space
#   This process is running with CompressedOops enabled, and the Java Heap may be blocking the growth of the native heap
# Possible solutions:
#   Reduce memory load on the system
#   Increase physical memory or swap space
#   Check if swap backing store is full
#   Decrease Java heap size (-Xmx/-Xms)
#   Decrease number of Java threads
#   Decrease Java thread stack sizes (-Xss)
#   Set larger code cache with -XX:ReservedCodeCacheSize=
#   JVM is running with Unscaled Compressed Oops mode in which the Java heap is
#     placed in the first 4GB address space. The Java Heap base address is the
#     maximum limit for the native heap growth. Please use -XX:HeapBaseMinAddress
#     to set the Java Heap base and to place the Java Heap above 4GB virtual address.
# This output file may be truncated or incomplete.
#
#  Out of Memory Error (allocation.cpp:44), pid=44440, tid=41136
#
# JRE version:  (21.0.10+7) (build )
# Java VM: OpenJDK 64-Bit Server VM (21.0.10+7-LTS, mixed mode, sharing, tiered, compressed oops, compressed class ptrs, parallel gc, windows-amd64)
# No core dump will be written. Minidumps are not enabled by default on client versions of Windows
#

---------------  S U M M A R Y ------------

Command Line: --add-modules=ALL-SYSTEM --add-opens=java.base/java.util=ALL-UNNAMED --add-opens=java.base/java.lang=ALL-UNNAMED --add-opens=java.base/sun.nio.fs=ALL-UNNAMED -Declipse.application=org.eclipse.jdt.ls.core.id1 -Dosgi.bundles.defaultStartLevel=4 -Declipse.product=org.eclipse.jdt.ls.core.product -Djava.import.generatesMetadataFilesAtProjectRoot=false -DDetectVMInstallationsJob.disabled=true -Dfile.encoding=utf8 -XX:+UseParallelGC -XX:GCTimeRatio=4 -XX:AdaptiveSizePolicyWeight=90 -Dsun.zip.disableMemoryMapping=true -Xmx2G -Xms100m -Xlog:disable -javaagent:c:\Users\ARC\.cursor\extensions\redhat.java-1.53.0-win32-x64\lombok\lombok-1.18.39-4050.jar c:\Users\ARC\.cursor\extensions\redhat.java-1.53.0-win32-x64\server\plugins\org.eclipse.equinox.launcher_1.7.100.v20251111-0406.jar -configuration c:\Users\ARC\AppData\Roaming\Cursor\User\globalStorage\redhat.java\1.53.0\config_ss_win -data c:\Users\ARC\AppData\Roaming\Cursor\User\workspaceStorage\3f1e6100a5bdb41c7c03edf47110381c\redhat.java\ss_ws --pipe=\\.\pipe\lsp-f0e137ae22f0dda1d06aeb25c4578b72-sock

Host: 12th Gen Intel(R) Core(TM) i5-12400, 12 cores, 15G,  Windows 10 , 64 bit Build 19041 (10.0.19041.5915)
Time: Tue Mar 31 12:32:57 2026 Russia TZ 9 Standard Time elapsed time: 0.086213 seconds (0d 0h 0m 0s)

---------------  T H R E A D  ---------------

Current thread (0x00000215469b5470):  JavaThread "Unknown thread" [_thread_in_vm, id=41136, stack(0x000000db39800000,0x000000db39900000) (1024K)]

Stack: [0x000000db39800000,0x000000db39900000]
Native frames: (J=compiled Java code, j=interpreted, Vv=VM code, C=native code)
V  [jvm.dll+0x6d7a39]
V  [jvm.dll+0x8b4b26]
V  [jvm.dll+0x8b70de]
V  [jvm.dll+0x8b77c3]
V  [jvm.dll+0x284346]
V  [jvm.dll+0xc1277]
V  [jvm.dll+0x7b6340]
V  [jvm.dll+0x7b68eb]
V  [jvm.dll+0x87ec52]
V  [jvm.dll+0x3c4a81]
V  [jvm.dll+0x867d25]
V  [jvm.dll+0x457b31]
V  [jvm.dll+0x459721]
C  [jli.dll+0x52d0]
C  [ucrtbase.dll+0x21bb2]
C  [KERNEL32.DLL+0x17374]
C  [ntdll.dll+0x4cc91]


---------------  P R O C E S S  ---------------

Threads class SMR info:
_java_thread_list=0x00007ffa5c69a1c8, length=0, elements={
}

Java Threads: ( => current thread )
Total: 0

Other Threads:
  0x0000021548bf2680 WorkerThread "GC Thread#0"                     [id=33488, stack(0x000000db39900000,0x000000db39a00000) (1024K)]

=>0x00000215469b5470 (exited) JavaThread "Unknown thread"    [_thread_in_vm, id=41136, stack(0x000000db39800000,0x000000db39900000) (1024K)]
Total: 2

Threads with active compile tasks:
Total: 0

VM state: not at safepoint (not fully initialized)

VM Mutex/Monitor currently owned by a thread: None

Heap address: 0x0000000080000000, size: 2048 MB, Compressed Oops mode: 32-bit

CDS archive(s) mapped at: [0x0000021500000000-0x0000021500ba0000-0x0000021500ba0000), size 12189696, SharedBaseAddress: 0x0000021500000000, ArchiveRelocationMode: 1.
Compressed class space mapped at: 0x0000021501000000-0x0000021541000000, reserved size: 1073741824
Narrow klass base: 0x0000021500000000, Narrow klass shift: 0, Narrow klass range: 0x100000000

GC Precious Log:
 CardTable entry size: 512
 CPUs: 12 total, 12 available
 Memory: 16153M
 Large Page Support: Disabled
 NUMA Support: Disabled
 Compressed Oops: Enabled (32-bit)
 Alignments: Space 512K, Generation 512K, Heap 2M
 Heap Min Capacity: 100M
 Heap Initial Capacity: 100M
 Heap Max Capacity: 2G
 Pre-touch: Disabled
 Parallel Workers: 10

Heap:
 PSYoungGen      total 29696K, used 0K [0x00000000d5580000, 0x00000000d7680000, 0x0000000100000000)
  eden space 25600K, 0% used [0x00000000d5580000,0x00000000d5580000,0x00000000d6e80000)
  from space 4096K, 0% used [0x00000000d7280000,0x00000000d7280000,0x00000000d7680000)
  to   space 4096K, 0% used [0x00000000d6e80000,0x00000000d6e80000,0x00000000d7280000)
 ParOldGen       total 68608K, used 0K [0x0000000080000000, 0x0000000084300000, 0x00000000d5580000)
  object space 68608K, 0% used [0x0000000080000000,0x0000000080000000,0x0000000084300000)
 Metaspace       used 0K, committed 0K, reserved 1048576K
  class space    used 0K, committed 0K, reserved 1048576K

Card table byte_map: [0x0000021548590000,0x00000215489a0000] _byte_map_base: 0x0000021548190000

Marking Bits: (ParMarkBitMap*) 0x00007ffa5c713450
 Begin Bits: [0x000002155b090000, 0x000002155d090000)
 End Bits:   [0x000002155d090000, 0x000002155f090000)

GC Heap History (0 events):
No events

Dll operation events (1 events):
Event: 0.021 Loaded shared library c:\Users\ARC\.cursor\extensions\redhat.java-1.53.0-win32-x64\jre\21.0.10-win32-x86_64\bin\java.dll

Deoptimization events (0 events):
No events

Classes loaded (0 events):
No events

Classes unloaded (0 events):
No events

Classes redefined (0 events):
No events

Internal exceptions (0 events):
No events

ZGC Phase Switch (0 events):
No events

VM Operations (0 events):
No events

Memory protections (0 events):
No events

Nmethod flushes (0 events):
No events

Events (0 events):
No events


Dynamic libraries:
0x00007ff7440f0000 - 0x00007ff7440fe000 	c:\Users\ARC\.cursor\extensions\redhat.java-1.53.0-win32-x64\jre\21.0.10-win32-x86_64\bin\java.exe
0x00007ffb02110000 - 0x00007ffb02308000 	C:\Windows\SYSTEM32\ntdll.dll
0x00007ffb019e0000 - 0x00007ffb01aa2000 	C:\Windows\System32\KERNEL32.DLL
0x00007ffaff820000 - 0x00007ffaffb16000 	C:\Windows\System32\KERNELBASE.dll
0x00007ffaffdf0000 - 0x00007ffaffef0000 	C:\Windows\System32\ucrtbase.dll
0x00007ffad8d50000 - 0x00007ffad8d68000 	c:\Users\ARC\.cursor\extensions\redhat.java-1.53.0-win32-x64\jre\21.0.10-win32-x86_64\bin\jli.dll
0x00007ffb011d0000 - 0x00007ffb01371000 	C:\Windows\System32\USER32.dll
0x00007ffafff80000 - 0x00007ffafffa2000 	C:\Windows\System32\win32u.dll
0x00007ffb01530000 - 0x00007ffb0155b000 	C:\Windows\System32\GDI32.dll
0x00007ffaffcd0000 - 0x00007ffaffde9000 	C:\Windows\System32\gdi32full.dll
0x00007ffafffb0000 - 0x00007ffb0004d000 	C:\Windows\System32\msvcp_win.dll
0x00007ffaf1c20000 - 0x00007ffaf1ebb000 	C:\Windows\WinSxS\amd64_microsoft.windows.common-controls_6595b64144ccf1df_6.0.19041.6456_none_60b8a6cb71f64256\COMCTL32.dll
0x00007ffb00bb0000 - 0x00007ffb00c4e000 	C:\Windows\System32\msvcrt.dll
0x00007ffad8410000 - 0x00007ffad842e000 	c:\Users\ARC\.cursor\extensions\redhat.java-1.53.0-win32-x64\jre\21.0.10-win32-x86_64\bin\VCRUNTIME140.dll
0x00007ffb00340000 - 0x00007ffb0036f000 	C:\Windows\System32\IMM32.DLL
0x00007ffaf90c0000 - 0x00007ffaf90cc000 	c:\Users\ARC\.cursor\extensions\redhat.java-1.53.0-win32-x64\jre\21.0.10-win32-x86_64\bin\vcruntime140_1.dll
0x00007ffac6850000 - 0x00007ffac68dd000 	c:\Users\ARC\.cursor\extensions\redhat.java-1.53.0-win32-x64\jre\21.0.10-win32-x86_64\bin\msvcp140.dll
0x00007ffa5ba50000 - 0x00007ffa5c7f1000 	c:\Users\ARC\.cursor\extensions\redhat.java-1.53.0-win32-x64\jre\21.0.10-win32-x86_64\bin\server\jvm.dll
0x00007ffb00fc0000 - 0x00007ffb01071000 	C:\Windows\System32\ADVAPI32.dll
0x00007ffb01cd0000 - 0x00007ffb01d6f000 	C:\Windows\System32\sechost.dll
0x00007ffb00e30000 - 0x00007ffb00f50000 	C:\Windows\System32\RPCRT4.dll
0x00007ffb00050000 - 0x00007ffb00077000 	C:\Windows\System32\bcrypt.dll
0x00007ffb00f50000 - 0x00007ffb00fbb000 	C:\Windows\System32\WS2_32.dll
0x00007ffafece0000 - 0x00007ffafed2b000 	C:\Windows\SYSTEM32\POWRPROF.dll
0x00007ffaf48c0000 - 0x00007ffaf48e7000 	C:\Windows\SYSTEM32\WINMM.dll
0x00007ffaf28d0000 - 0x00007ffaf28da000 	C:\Windows\SYSTEM32\VERSION.dll
0x00007ffafeba0000 - 0x00007ffafebb2000 	C:\Windows\SYSTEM32\UMPDC.dll
0x00007ffafd630000 - 0x00007ffafd642000 	C:\Windows\SYSTEM32\kernel.appcore.dll
0x00007ffaf86c0000 - 0x00007ffaf86ca000 	c:\Users\ARC\.cursor\extensions\redhat.java-1.53.0-win32-x64\jre\21.0.10-win32-x86_64\bin\jimage.dll
0x00007ffaf2010000 - 0x00007ffaf2211000 	C:\Windows\SYSTEM32\DBGHELP.DLL
0x00007ffaf22c0000 - 0x00007ffaf22f4000 	C:\Windows\SYSTEM32\dbgcore.DLL
0x00007ffaffef0000 - 0x00007ffafff72000 	C:\Windows\System32\bcryptPrimitives.dll
0x00007ffaf3d80000 - 0x00007ffaf3d8f000 	c:\Users\ARC\.cursor\extensions\redhat.java-1.53.0-win32-x64\jre\21.0.10-win32-x86_64\bin\instrument.dll
0x00007ffad83c0000 - 0x00007ffad83e0000 	c:\Users\ARC\.cursor\extensions\redhat.java-1.53.0-win32-x64\jre\21.0.10-win32-x86_64\bin\java.dll

JVMTI agents:
c:\Users\ARC\.cursor\extensions\redhat.java-1.53.0-win32-x64\lombok\lombok-1.18.39-4050.jar path:none, loaded, not initialized, instrumentlib options:none

dbghelp: loaded successfully - version: 4.0.5 - missing functions: none
symbol engine: initialized successfully - sym options: 0x614 - pdb path: .;c:\Users\ARC\.cursor\extensions\redhat.java-1.53.0-win32-x64\jre\21.0.10-win32-x86_64\bin;C:\Windows\SYSTEM32;C:\Windows\WinSxS\amd64_microsoft.windows.common-controls_6595b64144ccf1df_6.0.19041.6456_none_60b8a6cb71f64256;c:\Users\ARC\.cursor\extensions\redhat.java-1.53.0-win32-x64\jre\21.0.10-win32-x86_64\bin\server

VM Arguments:
jvm_args: --add-modules=ALL-SYSTEM --add-opens=java.base/java.util=ALL-UNNAMED --add-opens=java.base/java.lang=ALL-UNNAMED --add-opens=java.base/sun.nio.fs=ALL-UNNAMED -Declipse.application=org.eclipse.jdt.ls.core.id1 -Dosgi.bundles.defaultStartLevel=4 -Declipse.product=org.eclipse.jdt.ls.core.product -Djava.import.generatesMetadataFilesAtProjectRoot=false -DDetectVMInstallationsJob.disabled=true -Dfile.encoding=utf8 -XX:+UseParallelGC -XX:GCTimeRatio=4 -XX:AdaptiveSizePolicyWeight=90 -Dsun.zip.disableMemoryMapping=true -Xmx2G -Xms100m -Xlog:disable -javaagent:c:\Users\ARC\.cursor\extensions\redhat.java-1.53.0-win32-x64\lombok\lombok-1.18.39-4050.jar 
java_command: c:\Users\ARC\.cursor\extensions\redhat.java-1.53.0-win32-x64\server\plugins\org.eclipse.equinox.launcher_1.7.100.v20251111-0406.jar -configuration c:\Users\ARC\AppData\Roaming\Cursor\User\globalStorage\redhat.java\1.53.0\config_ss_win -data c:\Users\ARC\AppData\Roaming\Cursor\User\workspaceStorage\3f1e6100a5bdb41c7c03edf47110381c\redhat.java\ss_ws --pipe=\\.\pipe\lsp-f0e137ae22f0dda1d06aeb25c4578b72-sock
java_class_path (initial): c:\Users\ARC\.cursor\extensions\redhat.java-1.53.0-win32-x64\server\plugins\org.eclipse.equinox.launcher_1.7.100.v20251111-0406.jar
Launcher Type: SUN_STANDARD

[Global flags]
    uintx AdaptiveSizePolicyWeight                 = 90                                        {product} {command line}
     intx CICompilerCount                          = 4                                         {product} {ergonomic}
    uintx GCTimeRatio                              = 4                                         {product} {command line}
   size_t InitialHeapSize                          = 104857600                                 {product} {command line}
   size_t MaxHeapSize                              = 2147483648                                {product} {command line}
   size_t MaxNewSize                               = 715653120                                 {product} {ergonomic}
   size_t MinHeapDeltaBytes                        = 524288                                    {product} {ergonomic}
   size_t MinHeapSize                              = 104857600                                 {product} {command line}
   size_t NewSize                                  = 34603008                                  {product} {ergonomic}
    uintx NonNMethodCodeHeapSize                   = 5839372                                {pd product} {ergonomic}
    uintx NonProfiledCodeHeapSize                  = 122909434                              {pd product} {ergonomic}
   size_t OldSize                                  = 70254592                                  {product} {ergonomic}
    uintx ProfiledCodeHeapSize                     = 122909434                              {pd product} {ergonomic}
    uintx ReservedCodeCacheSize                    = 251658240                              {pd product} {ergonomic}
     bool SegmentedCodeCache                       = true                                      {product} {ergonomic}
   size_t SoftMaxHeapSize                          = 2147483648                             {manageable} {ergonomic}
     bool UseCompressedOops                        = true                           {product lp64_product} {ergonomic}
     bool UseLargePagesIndividualAllocation        = false                                  {pd product} {ergonomic}
     bool UseParallelGC                            = true                                      {product} {command line}

Logging:
Log output configuration:
 #0: stdout all=off uptime,level,tags foldmultilines=false
 #1: stderr all=off uptime,level,tags foldmultilines=false

Release file:
<release file has not been read>
Environment Variables:
JAVA_HOME=C:\Program Files\Eclipse Adoptium\jdk-17.0.17.10-hotspot\
PATH=C:\Program Files (x86)\VMware\VMware Workstation\bin\;C:\Program Files\Eclipse Adoptium\jdk-17.0.17.10-hotspot\bin;C:\Windows\system32;C:\Windows;C:\Windows\System32\Wbem;C:\Windows\System32\WindowsPowerShell\v1.0\;C:\Windows\System32\OpenSSH\;C:\Program Files\nodejs\;C:\Program Files\Git\cmd;C:\Program Files\cursor\resources\app\bin;C:\ProgramData\ComposerSetup\bin;C:\Program Files\WireGuard\;C:\Program Files\Microsoft SQL Server\120\Tools\Binn\;C:\Users\ARC\AppData\Local\Microsoft\WindowsApps;D:\_Extra\php-8.3.30;C:\Users\ARC\AppData\Local\Programs\Microsoft VS Code\bin;C:\Users\ARC\AppData\Roaming\npm;C:\Users\ARC\AppData\Roaming\Composer\vendor\bin;D:\Flutter\flutter\bin;C:\Users\ARC\AppData\Local\Programs\Python\Python310;C:\Users\ARC\AppData\Local\Programs\cursor\resources\app\bin;d:\Android\Sdk\platform-tools\;
USERNAME=ARC
OS=Windows_NT
PROCESSOR_IDENTIFIER=Intel64 Family 6 Model 151 Stepping 5, GenuineIntel
TMP=C:\Users\ARC\AppData\Local\Temp
TEMP=C:\Users\ARC\AppData\Local\Temp




Periodic native trim disabled

---------------  S Y S T E M  ---------------

OS:
 Windows 10 , 64 bit Build 19041 (10.0.19041.5915)
OS uptime: 5 days 14:09 hours

CPU: total 12 (initial active 12) (6 cores per cpu, 2 threads per core) family 6 model 151 stepping 5 microcode 0x2e, cx8, cmov, fxsr, ht, mmx, 3dnowpref, sse, sse2, sse3, ssse3, sse4.1, sse4.2, popcnt, lzcnt, tsc, tscinvbit, avx, avx2, aes, erms, clmul, bmi1, bmi2, adx, sha, fma, vzeroupper, clflush, clflushopt, clwb, serialize, rdtscp, rdpid, fsrm, f16c, pku, cet_ibt, cet_ss
Processor Information for the first 12 processors :
  Max Mhz: 2500, Current Mhz: 2500, Mhz Limit: 2500

Memory: 4k page, system-wide physical 16153M (447M free)
TotalPageFile size 35231M (AvailPageFile size 1M)
current process WorkingSet (physical memory assigned to process): 22M, peak: 22M
current process commit charge ("private bytes"): 192M, peak: 192M

vm_info: OpenJDK 64-Bit Server VM (21.0.10+7-LTS) for windows-amd64 JRE (21.0.10+7-LTS), built on 2026-01-20T00:00:00Z by "admin" with MS VC++ 17.12 (VS2022)

END.
